Component: ARM Compiler 5.06 update 6 (build 750) Tool: armlink [4d35ed]

==============================================================================

Section Cross References

    mystartup.o(RESET) refers to swi_handler.o(SWIHANDLER) for SWI_HANDLER
    mystartup.o(RESET) refers to mycode.o(mycode) for SUBRTS
    swi_handler.o(SWIHANDLER) refers to mydips.o(mycode) for user_code
    mydips.o(mycode) refers to lcd_subbs.o(lcd_subss) for LCD_pinss
    mydips.o(mycode) refers to mycode.o(mycode) for BRANCHBACK


==============================================================================

Image Symbol Table

    Local Symbols

    Symbol Name                              Value     Ov Type        Size  Object(Section)

    RESET                                    0x00000000   Section      296  mystartup.o(RESET)
    SWI_HANDLER.s                            0x00000000   Number         0  swi_handler.o ABSOLUTE
    lcd_subbs.s                              0x00000000   Number         0  lcd_subbs.o ABSOLUTE
    mycode.s                                 0x00000000   Number         0  mycode.o ABSOLUTE
    mydips.s                                 0x00000000   Number         0  mydips.o ABSOLUTE
    mystartup.s                              0x00000000   Number         0  mystartup.o ABSOLUTE
    PAbtHandler                              0x00000040   ARM Code       4  mystartup.o(RESET)
    DAbtHandler                              0x00000044   ARM Code       4  mystartup.o(RESET)
    IRQHandler                               0x00000048   ARM Code       4  mystartup.o(RESET)
    FIQHandler                               0x0000004c   ARM Code       4  mystartup.o(RESET)
    UndefHandler                             0x00000050   ARM Code       4  mystartup.o(RESET)
    Reset_Handler                            0x00000054   ARM Code       0  mystartup.o(RESET)
    SWIHANDLER                               0x00000128   Section      148  swi_handler.o(SWIHANDLER)
    lcd_subss                                0x000001bc   Section      720  lcd_subbs.o(lcd_subss)
    mycode                                   0x0000048c   Section       88  mycode.o(mycode)
    mycode                                   0x000004e4   Section       96  mydips.o(mycode)
    STRING1                                  0x00000528   Data           5  mydips.o(mycode)
    STRING2                                  0x0000052d   Data          10  mydips.o(mycode)

    Global Symbols

    Symbol Name                              Value     Ov Type        Size  Object(Section)

    BuildAttributes$$THM_ISAv1$ARM_ISAv4$S$PE$A:L22$X:L11$S22$IEEE1$IW$USESV6$~STKCKD$USESV7$~SHL$OSPACE$EBA8$STANDARDLIB$EABIv2 0x00000000   Number         0  anon$$obj.o ABSOLUTE
    SWI_HANDLER                              0x00000128   ARM Code       0  swi_handler.o(SWIHANDLER)
    delay10uss                               0x000001bc   ARM Code       4  lcd_subbs.o(lcd_subss)
    LCD_pinss                                0x000001e0   ARM Code       4  lcd_subbs.o(lcd_subss)
    LCD_cmds                                 0x00000250   ARM Code       4  lcd_subbs.o(lcd_subss)
    LCD_chars                                0x000002c8   ARM Code       4  lcd_subbs.o(lcd_subss)
    LCD_inits                                0x00000340   ARM Code       4  lcd_subbs.o(lcd_subss)
    LCD_strings                              0x000003f8   ARM Code       4  lcd_subbs.o(lcd_subss)
    LCD_clear                                0x00000438   ARM Code       4  lcd_subbs.o(lcd_subss)
    SUBRTS                                   0x0000048c   ARM Code       0  mycode.o(mycode)
    BRANCHBACK                               0x000004d4   ARM Code       0  mycode.o(mycode)
    user_code                                0x000004e4   ARM Code       0  mydips.o(mycode)



==============================================================================

Memory Map of the image

  Image Entry point : 0x00000000

  Load Region LR_1 (Base: 0x00000000, Size: 0x00000544, Max: 0xffffffff, ABSOLUTE)

    Execution Region ER_RO (Exec base: 0x00000000, Load base: 0x00000000, Size: 0x00000544, Max: 0xffffffff, ABSOLUTE)

    Exec Addr    Load Addr    Size         Type   Attr      Idx    E Section Name        Object

    0x00000000   0x00000000   0x00000128   Code   RO            6  * RESET               mystartup.o
    0x00000128   0x00000128   0x00000094   Code   RO            9    SWIHANDLER          swi_handler.o
    0x000001bc   0x000001bc   0x000002d0   Code   RO           12    lcd_subss           lcd_subbs.o
    0x0000048c   0x0000048c   0x00000058   Code   RO            1    mycode              mycode.o
    0x000004e4   0x000004e4   0x00000060   Code   RO           15    mycode              mydips.o


    Execution Region ER_RW (Exec base: 0x40000000, Load base: 0x00000544, Size: 0x00000000, Max: 0xffffffff, ABSOLUTE)

    **** No section assigned to this execution region ****


    Execution Region ER_ZI (Exec base: 0x40000000, Load base: 0x00000544, Size: 0x00000000, Max: 0xffffffff, ABSOLUTE)

    **** No section assigned to this execution region ****


==============================================================================

Image component sizes


      Code (inc. data)   RO Data    RW Data    ZI Data      Debug   Object Name

       720         52          0          0          0        380   lcd_subbs.o
        88          8          0          0          0        256   mycode.o
        96         28          0          0          0        220   mydips.o
       296         72          0          0          0        284   mystartup.o
       148          8          0          0          0        252   swi_handler.o

    ----------------------------------------------------------------------
      1348        168          0          0          0       1392   Object Totals
         0          0          0          0          0          0   (incl. Generated)
         0          0          0          0          0          0   (incl. Padding)

    ----------------------------------------------------------------------
         0          0          0          0          0          0   Library Totals
         0          0          0          0          0          0   (incl. Padding)

    ----------------------------------------------------------------------

==============================================================================


      Code (inc. data)   RO Data    RW Data    ZI Data      Debug   

      1348        168          0          0          0       1392   Grand Totals
      1348        168          0          0          0       1392   ELF Image Totals
      1348        168          0          0          0          0   ROM Totals

==============================================================================

    Total RO  Size (Code + RO Data)                 1348 (   1.32kB)
    Total RW  Size (RW Data + ZI Data)                 0 (   0.00kB)
    Total ROM Size (Code + RO Data + RW Data)       1348 (   1.32kB)

==============================================================================

